    WARNING: ´ (U+00b4) is already defined more than once on the keyboard (on VK_OEM_2, ShiftState 'Base' and VK_9, ShiftState 'Ctl+Alt').
    WARNING: ˇ (U+02c7) is already defined more than once on the keyboard (on VK_OEM_2, ShiftState 'Shift' and VK_2, ShiftState 'Ctl+Alt').
    WARNING: ° (U+00b0) is already defined more than once on the keyboard (on VK_OEM_3, ShiftState 'Shift' and VK_5, ShiftState 'Ctl+Alt').
    WARNING: ¨ (U+00a8) is already defined more than once on the keyboard (on VK_OEM_5, ShiftState 'Base' and VK_OEM_PLUS, ShiftState 'Ctl+Alt').
    WARNING: The dead key ^ (U+005e) when combined with e (U+0065) returns ê (U+00ea), but ê (U+00ea) is not on the default system code page (1250) of the Czech (Czech Republic) language you specified. This may cause compatibility problems in non-Unicode applications.
    WARNING: The dead key ^ (U+005e) when combined with u (U+0075) returns û (U+00fb), but û (U+00fb) is not on the default system code page (1250) of the Czech (Czech Republic) language you specified. This may cause compatibility problems in non-Unicode applications.
    WARNING: The dead key ^ (U+005e) when combined with E (U+0045) returns Ê (U+00ca), but Ê (U+00ca) is not on the default system code page (1250) of the Czech (Czech Republic) language you specified. This may cause compatibility problems in non-Unicode applications.
    WARNING: The dead key ^ (U+005e) when combined with U (U+0055) returns Û (U+00db), but Û (U+00db) is not on the default system code page (1250) of the Czech (Czech Republic) language you specified. This may cause compatibility problems in non-Unicode applications.
    WARNING: The dead key ˘ (U+02d8) when combined with g (U+0067) returns ğ (U+011f), but ğ (U+011f) is not on the default system code page (1250) of the Czech (Czech Republic) language you specified. This may cause compatibility problems in non-Unicode applications.
    WARNING: The dead key ˘ (U+02d8) when combined with G (U+0047) returns Ğ (U+011e), but Ğ (U+011e) is not on the default system code page (1250) of the Czech (Czech Republic) language you specified. This may cause compatibility problems in non-Unicode applications.
    WARNING: The dead key ° (U+00b0) when combined with a (U+0061) returns å (U+00e5), but å (U+00e5) is not on the default system code page (1250) of the Czech (Czech Republic) language you specified. This may cause compatibility problems in non-Unicode applications.
    WARNING: The dead key ° (U+00b0) when combined with A (U+0041) returns Å (U+00c5), but Å (U+00c5) is not on the default system code page (1250) of the Czech (Czech Republic) language you specified. This may cause compatibility problems in non-Unicode applications.
    WARNING: The dead key ˛ (U+02db) when combined with u (U+0075) returns ų (U+0173), but ų (U+0173) is not on the default system code page (1250) of the Czech (Czech Republic) language you specified. This may cause compatibility problems in non-Unicode applications.
    WARNING: The dead key ˛ (U+02db) when combined with i (U+0069) returns į (U+012f), but į (U+012f) is not on the default system code page (1250) of the Czech (Czech Republic) language you specified. This may cause compatibility problems in non-Unicode applications.
    WARNING: The dead key ˛ (U+02db) when combined with U (U+0055) returns Ų (U+0172), but Ų (U+0172) is not on the default system code page (1250) of the Czech (Czech Republic) language you specified. This may cause compatibility problems in non-Unicode applications.
    WARNING: The dead key ˛ (U+02db) when combined with I (U+0049) returns Į (U+012e), but Į (U+012e) is not on the default system code page (1250) of the Czech (Czech Republic) language you specified. This may cause compatibility problems in non-Unicode applications.
    WARNING: The dead key ` (U+0060) when combined with a (U+0061) returns à (U+00e0), but à (U+00e0) is not on the default system code page (1250) of the Czech (Czech Republic) language you specified. This may cause compatibility problems in non-Unicode applications.
    WARNING: The dead key ` (U+0060) when combined with e (U+0065) returns è (U+00e8), but è (U+00e8) is not on the default system code page (1250) of the Czech (Czech Republic) language you specified. This may cause compatibility problems in non-Unicode applications.
    WARNING: The dead key ` (U+0060) when combined with u (U+0075) returns ù (U+00f9), but ù (U+00f9) is not on the default system code page (1250) of the Czech (Czech Republic) language you specified. This may cause compatibility problems in non-Unicode applications.
    WARNING: The dead key ` (U+0060) when combined with i (U+0069) returns ì (U+00ec), but ì (U+00ec) is not on the default system code page (1250) of the Czech (Czech Republic) language you specified. This may cause compatibility problems in non-Unicode applications.
    WARNING: The dead key ` (U+0060) when combined with o (U+006f) returns ò (U+00f2), but ò (U+00f2) is not on the default system code page (1250) of the Czech (Czech Republic) language you specified. This may cause compatibility problems in non-Unicode applications.
    WARNING: The dead key ` (U+0060) when combined with A (U+0041) returns À (U+00c0), but À (U+00c0) is not on the default system code page (1250) of the Czech (Czech Republic) language you specified. This may cause compatibility problems in non-Unicode applications.
    WARNING: The dead key ` (U+0060) when combined with E (U+0045) returns È (U+00c8), but È (U+00c8) is not on the default system code page (1250) of the Czech (Czech Republic) language you specified. This may cause compatibility problems in non-Unicode applications.
    WARNING: The dead key ` (U+0060) when combined with U (U+0055) returns Ù (U+00d9), but Ù (U+00d9) is not on the default system code page (1250) of the Czech (Czech Republic) language you specified. This may cause compatibility problems in non-Unicode applications.
    WARNING: The dead key ` (U+0060) when combined with I (U+0049) returns Ì (U+00cc), but Ì (U+00cc) is not on the default system code page (1250) of the Czech (Czech Republic) language you specified. This may cause compatibility problems in non-Unicode applications.
    WARNING: The dead key ` (U+0060) when combined with O (U+004f) returns Ò (U+00d2), but Ò (U+00d2) is not on the default system code page (1250) of the Czech (Czech Republic) language you specified. This may cause compatibility problems in non-Unicode applications.
    WARNING: The dead key ˙ (U+02d9) when combined with e (U+0065) returns ė (U+0117), but ė (U+0117) is not on the default system code page (1250) of the Czech (Czech Republic) language you specified. This may cause compatibility problems in non-Unicode applications.
    WARNING: The dead key ˙ (U+02d9) when combined with i (U+0069) returns ı (U+0131), but ı (U+0131) is not on the default system code page (1250) of the Czech (Czech Republic) language you specified. This may cause compatibility problems in non-Unicode applications.
    WARNING: The dead key ˙ (U+02d9) when combined with E (U+0045) returns Ė (U+0116), but Ė (U+0116) is not on the default system code page (1250) of the Czech (Czech Republic) language you specified. This may cause compatibility problems in non-Unicode applications.
    WARNING: The dead key ˙ (U+02d9) when combined with I (U+0049) returns İ (U+0130), but İ (U+0130) is not on the default system code page (1250) of the Czech (Czech Republic) language you specified. This may cause compatibility problems in non-Unicode applications.
    WARNING: The dead key ¨ (U+00a8) when combined with y (U+0079) returns ÿ (U+00ff), but ÿ (U+00ff) is not on the default system code page (1250) of the Czech (Czech Republic) language you specified. This may cause compatibility problems in non-Unicode applications.
    WARNING: The dead key ¨ (U+00a8) when combined with i (U+0069) returns ï (U+00ef), but ï (U+00ef) is not on the default system code page (1250) of the Czech (Czech Republic) language you specified. This may cause compatibility problems in non-Unicode applications.
    WARNING: The dead key ¨ (U+00a8) when combined with Y (U+0059) returns Ÿ (U+0178), but Ÿ (U+0178) is not on the default system code page (1250) of the Czech (Czech Republic) language you specified. This may cause compatibility problems in non-Unicode applications.
    WARNING: The dead key ¨ (U+00a8) when combined with I (U+0049) returns Ï (U+00cf), but Ï (U+00cf) is not on the default system code page (1250) of the Czech (Czech Republic) language you specified. This may cause compatibility problems in non-Unicode applications.
    WARNING: The dead key ¸ (U+00b8) when combined with n (U+006e) returns ņ (U+0146), but ņ (U+0146) is not on the default system code page (1250) of the Czech (Czech Republic) language you specified. This may cause compatibility problems in non-Unicode applications.
    WARNING: The dead key ¸ (U+00b8) when combined with g (U+0067) returns ģ (U+0123), but ģ (U+0123) is not on the default system code page (1250) of the Czech (Czech Republic) language you specified. This may cause compatibility problems in non-Unicode applications.
    WARNING: The dead key ¸ (U+00b8) when combined with l (U+006c) returns ļ (U+013c), but ļ (U+013c) is not on the default system code page (1250) of the Czech (Czech Republic) language you specified. This may cause compatibility problems in non-Unicode applications.
    WARNING: The dead key ¸ (U+00b8) when combined with k (U+006b) returns ķ (U+0137), but ķ (U+0137) is not on the default system code page (1250) of the Czech (Czech Republic) language you specified. This may cause compatibility problems in non-Unicode applications.
    WARNING: The dead key ¸ (U+00b8) when combined with r (U+0072) returns ŗ (U+0157), but ŗ (U+0157) is not on the default system code page (1250) of the Czech (Czech Republic) language you specified. This may cause compatibility problems in non-Unicode applications.
    WARNING: The dead key ¸ (U+00b8) when combined with N (U+004e) returns Ņ (U+0145), but Ņ (U+0145) is not on the default system code page (1250) of the Czech (Czech Republic) language you specified. This may cause compatibility problems in non-Unicode applications.
    WARNING: The dead key ¸ (U+00b8) when combined with G (U+0047) returns Ģ (U+0122), but Ģ (U+0122) is not on the default system code page (1250) of the Czech (Czech Republic) language you specified. This may cause compatibility problems in non-Unicode applications.
    WARNING: The dead key ¸ (U+00b8) when combined with L (U+004c) returns Ļ (U+013b), but Ļ (U+013b) is not on the default system code page (1250) of the Czech (Czech Republic) language you specified. This may cause compatibility problems in non-Unicode applications.
    WARNING: The dead key ¸ (U+00b8) when combined with K (U+004b) returns Ķ (U+0136), but Ķ (U+0136) is not on the default system code page (1250) of the Czech (Czech Republic) language you specified. This may cause compatibility problems in non-Unicode applications.
    WARNING: The dead key ¸ (U+00b8) when combined with R (U+0052) returns Ŗ (U+0156), but Ŗ (U+0156) is not on the default system code page (1250) of the Czech (Czech Republic) language you specified. This may cause compatibility problems in non-Unicode applications.
    WARNING: The dead key ° (U+00b0) when combined with a (U+0061) returns å (U+00e5), but å (U+00e5) is not on the default system code page (1250) of the Czech (Czech Republic) language you specified. This may cause compatibility problems in non-Unicode applications.
    WARNING: The dead key ° (U+00b0) when combined with A (U+0041) returns Å (U+00c5), but Å (U+00c5) is not on the default system code page (1250) of the Czech (Czech Republic) language you specified. This may cause compatibility problems in non-Unicode applications.
    WARNING: The dead key ¨ (U+00a8) when combined with y (U+0079) returns ÿ (U+00ff), but ÿ (U+00ff) is not on the default system code page (1250) of the Czech (Czech Republic) language you specified. This may cause compatibility problems in non-Unicode applications.
    WARNING: The dead key ¨ (U+00a8) when combined with i (U+0069) returns ï (U+00ef), but ï (U+00ef) is not on the default system code page (1250) of the Czech (Czech Republic) language you specified. This may cause compatibility problems in non-Unicode applications.
    WARNING: The dead key ¨ (U+00a8) when combined with Y (U+0059) returns Ÿ (U+0178), but Ÿ (U+0178) is not on the default system code page (1250) of the Czech (Czech Republic) language you specified. This may cause compatibility problems in non-Unicode applications.
    WARNING: The dead key ¨ (U+00a8) when combined with I (U+0049) returns Ï (U+00cf), but Ï (U+00cf) is not on the default system code page (1250) of the Czech (Czech Republic) language you specified. This may cause compatibility problems in non-Unicode applications.
